// Jest Snapshot v1, https://goo.gl/fbAQLP

exports[`PageContent component matches snapshot 1`] = `
<DocumentFragment>
  <section>
    <div>
      <img
        alt="me profile pic"
        class="img-thumbnail mx-1"
        src="ProfilePic.jpg"
      />
    </div>
    <p>
      This is a little bit about me:
    </p>
    <p />
    <ul>
      <li>
        Software Engineer for 20+ years
      </li>
      <li>
        Lego Enthusiast
      </li>
      <li>
        Husband
      </li>
      <li>
        Father to 9
      </li>
    </ul>
  </section>
</DocumentFragment>
`;
