// Jest Snapshot v1, https://goo.gl/fbAQLP

exports[`Header component matches snapshot 1`] = `
<DocumentFragment>
  <header
    class="flex-row px-1"
  >
    <h2
      class="mx-1"
    >
      David Baber
    </h2>
    <nav>
      <ul
        class="flex-row"
      />
    </nav>
  </header>
</DocumentFragment>
`;
