// Jest Snapshot v1, https://goo.gl/fbAQLP

exports[`Resume component matches snapshot 1`] = `
<DocumentFragment>
  <section>
    <br />
    <div>
      <span>
        Download work history 
        <a
          download=""
          href="resume.txt"
        >
          here
        </a>
        .
      </span>
    </div>
    <br />
    <div>
      <span>
        Some tech skills include:
      </span>
      <ul>
        <li>
          .NET
        </li>
        <li>
          C#
        </li>
        <li>
          Angular
        </li>
        <li>
          React
        </li>
        <li>
          HTML
        </li>
        <li>
          JSON
        </li>
      </ul>
    </div>
  </section>
</DocumentFragment>
`;
